// Jest Snapshot v1, https://goo.gl/fbAQLP

exports[`NewRecipe Component renders the correct markup 1`] = `undefined`;
