// Jest Snapshot v1, https://goo.gl/fbAQLP

exports[`Recipes Cards Component renders the correct markup 1`] = `undefined`;
