// Jest Snapshot v1, https://goo.gl/fbAQLP

exports[`Recipes View renders the correct markup 1`] = `undefined`;
